1. Установить nginx и настроить его на работу с PHP-FPM
=============================
root@karartjom-Idea:/home/karartjom# apt update
Сущ:1 http://archive.ubuntu.com/ubuntu noble InRelease
Сущ:2 http://security.ubuntu.com/ubuntu noble-security InRelease
Игн:3 http://packages.linuxmint.com wilma InRelease
Сущ:4 http://archive.ubuntu.com/ubuntu noble-updates InRelease
Сущ:5 http://packages.linuxmint.com wilma Release
Сущ:6 http://archive.ubuntu.com/ubuntu noble-backports InRelease
Чтение списков пакетов… Готово
Построение дерева зависимостей… Готово
Чтение информации о состоянии… Готово
Может быть обновлено 15 пакетов. Запустите «apt list --upgradable» для их показа.
root@karartjom-Idea:/home/karartjom# apt install nginx
Чтение списков пакетов… Готово
Построение дерева зависимостей… Готово
Чтение информации о состоянии… Готово
Будут установлены следующие дополнительные пакеты:
  nginx-common
Предлагаемые пакеты:
  fcgiwrap nginx-doc
Следующие НОВЫЕ пакеты будут установлены:
  nginx nginx-common
Обновлено 0 пакетов, установлено 2 новых пакетов, для удаления отмечено 0 пакетов, и 15 пакетов не обновлено.
Необходимо скачать 552 kB архивов.
После данной операции объём занятого дискового пространства возрастёт на 1 596 kB.
Хотите продолжить? [Д/н] y
Пол:1 http://archive.ubuntu.com/ubuntu noble-updates/main amd64 nginx-common all 1.24.0-2ubuntu7.1 [31,2 kB]
Пол:2 http://archive.ubuntu.com/ubuntu noble-updates/main amd64 nginx amd64 1.24.0-2ubuntu7.1 [521 kB]
Получено 552 kB за 1с (889 kB/s)
Предварительная настройка пакетов …
Выбор ранее не выбранного пакета nginx-common.
(Чтение базы данных … на данный момент установлено 499156 файлов и каталогов.)
Подготовка к распаковке …/nginx-common_1.24.0-2ubuntu7.1_all.deb …
Распаковывается nginx-common (1.24.0-2ubuntu7.1) …
Выбор ранее не выбранного пакета nginx.
Подготовка к распаковке …/nginx_1.24.0-2ubuntu7.1_amd64.deb …
Распаковывается nginx (1.24.0-2ubuntu7.1) …
Настраивается пакет nginx (1.24.0-2ubuntu7.1) …
Настраивается пакет nginx-common (1.24.0-2ubuntu7.1) …
Created symlink /etc/systemd/system/multi-user.target.wants/nginx.service > /usr/lib/systemd/system/nginx.service.
Обрабатываются триггеры для ufw (0.36.2-6) …
Обрабатываются триггеры для man-db (2.12.0-4build2) …

Проверяем сервис:
root@karartjom-Idea:/home/karartjom# systemctl status nginx
? nginx.service - A high performance web server and a reverse proxy server
     Loaded: loaded (/usr/lib/systemd/system/nginx.service; enabled; preset: enabled)
     Active: active (running) since Fri 2024-11-08 18:05:06 MSK; 34s ago
       Docs: man:nginx(8)
    Process: 3047 ExecStartPre=/usr/sbin/nginx -t -q -g daemon on; master_process on; (code=exited, status=0/SUCCESS)
    Process: 3051 ExecStart=/usr/sbin/nginx -g daemon on; master_process on; (code=exited, status=0/SUCCESS)
   Main PID: 3056 (nginx)
      Tasks: 3 (limit: 9310)
     Memory: 2.4M (peak: 2.6M)
        CPU: 16ms
     CGroup: /system.slice/nginx.service
             +-3056 "nginx: master process /usr/sbin/nginx -g daemon on; master_process on;"
             +-3057 "nginx: worker process"
             L-3058 "nginx: worker process"

ноя 08 18:05:06 karartjom-Idea systemd[1]: Starting nginx.service - A high performance web server and a reverse proxy s>
ноя 08 18:05:06 karartjom-Idea systemd[1]: Started nginx.service - A high performance web server and a reverse proxy se>

И проверяем доступность через curl:
root@karartjom-Idea:/home/karartjom# curl localhost
<!DOCTYPE html>
<html>
<head>
<title>Welcome to nginx!</title>
<style>
html { color-scheme: light dark; }
body { width: 35em; margin: 0 auto;
font-family: Tahoma, Verdana, Arial, sans-serif; }
</style>
</head>
<body>
<h1>Welcome to nginx!</h1>
<p>If you see this page, the nginx web server is successfully installed and
working. Further configuration is required.</p>

<p>For online documentation and support please refer to
<a href="http://nginx.org/">nginx.org</a>.<br/>
Commercial support is available at
<a href="http://nginx.com/">nginx.com</a>.</p>

<p><em>Thank you for using nginx.</em></p>
</body>
</html>

Теперь настраиваем работу с PHP-FPM:
root@karartjom-Idea:~#apt install libapache2-mod-php php php8.3-fpm mysql-server
root@karartjom-Idea:~# nano /etc/nginx/sites-enabled/default
root@karartjom-Idea:~# nano /etc/nginx/sites-enabled/default
root@karartjom-Idea:~# root@karartjom-Idea:~# cd /var/www/html/
root@karartjom-Idea:/var/www/html# ll
итого 24
drwxr-xr-x 2 root root  4096 ноя  8 18:07 ./
drwxr-xr-x 3 root root  4096 ноя  8 18:05 ../
-rw-r--r-- 1 root root 10671 ноя  8 18:07 index.html
-rw-r--r-- 1 root root   615 ноя  8 18:05 index.nginx-debian.html
root@karartjom-Idea:/var/www/html# cat info.php
cat: info.php: Нет такого файла или каталога
root@karartjom-Idea:/var/www/html# touch info.php
root@karartjom-Idea:/var/www/html# nano info.php
root@karartjom-Idea:/var/www/html# root@karartjom-Idea:/var/www/html# cat info.php
<?php
phpinfo();
?>
root@karartjom-Idea:/var/www/html#

При проверке на хосте http://192.168.1.24/info.php открывается страница с информацией по php:
System	Linux karartjom-Idea 6.8.0-48-generic #48-Ubuntu SMP PREEMPT_DYNAMIC Fri Sep 27 14:04:52 UTC 2024 x86_64
Build Date	Sep 30 2024 15:17:17
Build System	Linux
Server API	Apache 2.0 Handler
Virtual Directory Support	disabled
Configuration File (php.ini) Path	/etc/php/8.3/apache2
Loaded Configuration File	/etc/php/8.3/apache2/php.ini
Scan this dir for additional .ini files	/etc/php/8.3/apache2/conf.d

root@karartjom-Idea:/var/www/html# cat /etc/nginx/sites-enabled/default
server {
        listen 80 default_server;
        listen [::]:80 default_server;

        root /var/www/html;

        index index.html index.htm index.nginx-debian.html;

        server_name _;

        location / {
                proxy_pass http://localhost:8080;
                proxy_set_header Host $host;
                proxy_set_header X-Forwarded-For $proxy_add_x_forwarded_for;
                proxy_set_header X-Real-IP $remote_addr;
        }

        location ~* \.(jpg|jpeg|gif|png|ico|css|zip|pdf|txt|tar|js)$ {
                root /var/www/html;
        }

        location ~ \.php$ {
                include snippets/fastcgi-php.conf;
                fastcgi_pass unix:/run/php/php8.3-fpm.sock;
        }
}

На сайте http://192.168.1.24/info.php
System	Linux karartjom-Idea 6.8.0-48-generic #48-Ubuntu SMP PREEMPT_DYNAMIC Fri Sep 27 14:04:52 UTC 2024 x86_64
Build Date	Sep 30 2024 15:17:17
Build System	Linux
Server API	FPM/FastCGI
Virtual Directory Support	disabled
Configuration File (php.ini) Path	/etc/php/8.3/fpm
Loaded Configuration File	/etc/php/8.3/fpm/php.ini
Scan this dir for additional .ini files	/etc/php/8.3/fpm/conf.d

2. Установить Apache и настроить обработку PHP. Добиться одновременной работы с nginx
================================================
root@karartjom-Idea:/home/karartjom# apt install apache2
Чтение списков пакетов… Готово
Построение дерева зависимостей… Готово
Чтение информации о состоянии… Готово
Будут установлены следующие дополнительные пакеты:
  apache2-bin apache2-data apache2-utils libapr1t64 libaprutil1-dbd-sqlite3 libaprutil1-ldap libaprutil1t64
Предлагаемые пакеты:
  apache2-doc apache2-suexec-pristine | apache2-suexec-custom
Следующие НОВЫЕ пакеты будут установлены:
  apache2 apache2-bin apache2-data apache2-utils libapr1t64 libaprutil1-dbd-sqlite3 libaprutil1-ldap libaprutil1t64
Обновлено 0 пакетов, установлено 8 новых пакетов, для удаления отмечено 0 пакетов, и 15 пакетов не обновлено.
Необходимо скачать 1 900 kB архивов.
После данной операции объём занятого дискового пространства возрастёт на 7 455 kB.
Хотите продолжить? [Д/н] y
Пол:1 http://archive.ubuntu.com/ubuntu noble-updates/main amd64 libapr1t64 amd64 1.7.2-3.1ubuntu0.1 [108 kB]
Пол:2 http://archive.ubuntu.com/ubuntu noble/main amd64 libaprutil1t64 amd64 1.6.3-1.1ubuntu7 [91,9 kB]
Пол:3 http://archive.ubuntu.com/ubuntu noble/main amd64 libaprutil1-dbd-sqlite3 amd64 1.6.3-1.1ubuntu7 [11,2 kB]
Пол:4 http://archive.ubuntu.com/ubuntu noble/main amd64 libaprutil1-ldap amd64 1.6.3-1.1ubuntu7 [9 116 B]
Пол:5 http://archive.ubuntu.com/ubuntu noble-updates/main amd64 apache2-bin amd64 2.4.58-1ubuntu8.4 [1 329 kB]
Пол:6 http://archive.ubuntu.com/ubuntu noble-updates/main amd64 apache2-data all 2.4.58-1ubuntu8.4 [163 kB]
Пол:7 http://archive.ubuntu.com/ubuntu noble-updates/main amd64 apache2-utils amd64 2.4.58-1ubuntu8.4 [97,1 kB]
Пол:8 http://archive.ubuntu.com/ubuntu noble-updates/main amd64 apache2 amd64 2.4.58-1ubuntu8.4 [90,2 kB]
Получено 1 900 kB за 3с (625 kB/s)
Выбор ранее не выбранного пакета libapr1t64:amd64.
(Чтение базы данных … на данный момент установлено 499203 файла и каталога.)
Подготовка к распаковке …/0-libapr1t64_1.7.2-3.1ubuntu0.1_amd64.deb …
Распаковывается libapr1t64:amd64 (1.7.2-3.1ubuntu0.1) …
Выбор ранее не выбранного пакета libaprutil1t64:amd64.
Подготовка к распаковке …/1-libaprutil1t64_1.6.3-1.1ubuntu7_amd64.deb …
Распаковывается libaprutil1t64:amd64 (1.6.3-1.1ubuntu7) …
Выбор ранее не выбранного пакета libaprutil1-dbd-sqlite3:amd64.
Подготовка к распаковке …/2-libaprutil1-dbd-sqlite3_1.6.3-1.1ubuntu7_amd64.deb …
Распаковывается libaprutil1-dbd-sqlite3:amd64 (1.6.3-1.1ubuntu7) …
Выбор ранее не выбранного пакета libaprutil1-ldap:amd64.
Подготовка к распаковке …/3-libaprutil1-ldap_1.6.3-1.1ubuntu7_amd64.deb …
Распаковывается libaprutil1-ldap:amd64 (1.6.3-1.1ubuntu7) …
Выбор ранее не выбранного пакета apache2-bin.
Подготовка к распаковке …/4-apache2-bin_2.4.58-1ubuntu8.4_amd64.deb …
Распаковывается apache2-bin (2.4.58-1ubuntu8.4) …
Выбор ранее не выбранного пакета apache2-data.
Подготовка к распаковке …/5-apache2-data_2.4.58-1ubuntu8.4_all.deb …
Распаковывается apache2-data (2.4.58-1ubuntu8.4) …
Выбор ранее не выбранного пакета apache2-utils.
Подготовка к распаковке …/6-apache2-utils_2.4.58-1ubuntu8.4_amd64.deb …
Распаковывается apache2-utils (2.4.58-1ubuntu8.4) …
Выбор ранее не выбранного пакета apache2.
Подготовка к распаковке …/7-apache2_2.4.58-1ubuntu8.4_amd64.deb …
Распаковывается apache2 (2.4.58-1ubuntu8.4) …
Настраивается пакет libapr1t64:amd64 (1.7.2-3.1ubuntu0.1) …
Настраивается пакет apache2-data (2.4.58-1ubuntu8.4) …
Настраивается пакет libaprutil1t64:amd64 (1.6.3-1.1ubuntu7) …
Настраивается пакет libaprutil1-ldap:amd64 (1.6.3-1.1ubuntu7) …
Настраивается пакет libaprutil1-dbd-sqlite3:amd64 (1.6.3-1.1ubuntu7) …
Настраивается пакет apache2-utils (2.4.58-1ubuntu8.4) …
Настраивается пакет apache2-bin (2.4.58-1ubuntu8.4) …
Настраивается пакет apache2 (2.4.58-1ubuntu8.4) …
Enabling module mpm_event.
Enabling module authz_core.
Enabling module authz_host.
Enabling module authn_core.
Enabling module auth_basic.
Enabling module access_compat.
Enabling module authn_file.
Enabling module authz_user.
Enabling module alias.
Enabling module dir.
Enabling module autoindex.
Enabling module env.
Enabling module mime.
Enabling module negotiation.
Enabling module setenvif.
Enabling module filter.
Enabling module deflate.
Enabling module status.
Enabling module reqtimeout.
Enabling conf charset.
Enabling conf localized-error-pages.
Enabling conf other-vhosts-access-log.
Enabling conf security.
Enabling conf serve-cgi-bin.
Enabling site 000-default.
Created symlink /etc/systemd/system/multi-user.target.wants/apache2.service > /usr/lib/systemd/system/apache2.service.
Could not execute systemctl:  at /usr/bin/deb-systemd-invoke line 148.
Created symlink /etc/systemd/system/multi-user.target.wants/apache-htcacheclean.service > /usr/lib/systemd/system/apache-htcacheclean.service.
Обрабатываются триггеры для ufw (0.36.2-6) …
Обрабатываются триггеры для man-db (2.12.0-4build2) …
Обрабатываются триггеры для libc-bin (2.39-0ubuntu8.3) …
root@karartjom-Idea:/home/karartjom# systemctl status apache2
? apache2.service - The Apache HTTP Server
     Loaded: loaded (/usr/lib/systemd/system/apache2.service; enabled; preset: enabled)
     Active: failed (Result: exit-code) since Fri 2024-11-08 18:07:41 MSK; 11s ago
       Docs: https://httpd.apache.org/docs/2.4/
        CPU: 25ms

ноя 08 18:07:41 karartjom-Idea systemd[1]: Starting apache2.service - The Apache HTTP Server...
ноя 08 18:07:41 karartjom-Idea apachectl[3706]: AH00558: apache2: Could not reliably determine the server's fully quali>
ноя 08 18:07:41 karartjom-Idea apachectl[3706]: (98)Address already in use: AH00072: make_sock: could not bind to addre>
ноя 08 18:07:41 karartjom-Idea apachectl[3706]: (98)Address already in use: AH00072: make_sock: could not bind to addre>
ноя 08 18:07:41 karartjom-Idea apachectl[3706]: no listening sockets available, shutting down
ноя 08 18:07:41 karartjom-Idea apachectl[3706]: AH00015: Unable to open logs
ноя 08 18:07:41 karartjom-Idea systemd[1]: apache2.service: Control process exited, code=exited, status=1/FAILURE
ноя 08 18:07:41 karartjom-Idea systemd[1]: apache2.service: Failed with result 'exit-code'.
ноя 08 18:07:41 karartjom-Idea systemd[1]: Failed to start apache2.service - The Apache HTTP Server.

Чтобы запустилось меняем настройку порта на 8080:
root@karartjom-Idea:/home/karartjom# nano /etc/apache2/ports.conf

root@karartjom-Idea:/home/karartjom# root@karartjom-Idea:/home/karartjom# cat /etc/apache2/ports.conf
# If you just change the port or add more ports here, you will likely also
# have to change the VirtualHost statement in
# /etc/apache2/sites-enabled/000-default.conf

Listen 8080

<IfModule ssl_module>
        Listen 443
</IfModule>

<IfModule mod_gnutls.c>
        Listen 443
</IfModule>

Запускаем и проверяем что apache работает:
root@karartjom-Idea:/home/karartjom# systemctl start apache2
root@karartjom-Idea:/home/karartjom# systemctl status apache2
? apache2.service - The Apache HTTP Server
     Loaded: loaded (/usr/lib/systemd/system/apache2.service; enabled; preset: enabled)
     Active: active (running) since Fri 2024-11-08 18:09:25 MSK; 3s ago
       Docs: https://httpd.apache.org/docs/2.4/
    Process: 4061 ExecStart=/usr/sbin/apachectl start (code=exited, status=0/SUCCESS)
   Main PID: 4064 (apache2)
      Tasks: 55 (limit: 9310)
     Memory: 5.4M (peak: 5.6M)
        CPU: 28ms
     CGroup: /system.slice/apache2.service
             +-4064 /usr/sbin/apache2 -k start
             +-4066 /usr/sbin/apache2 -k start
             L-4067 /usr/sbin/apache2 -k start

ноя 08 18:09:25 karartjom-Idea systemd[1]: Starting apache2.service - The Apache HTTP Server...
ноя 08 18:09:25 karartjom-Idea apachectl[4063]: AH00558: apache2: Could not reliably determine the server's fully quali>
ноя 08 18:09:25 karartjom-Idea systemd[1]: Started apache2.service - The Apache HTTP Server.

Проверяем через curl:
root@karartjom-Idea:/home/karartjom# curl localhost:8080
<!DOCTYPE html PUBLIC "-//W3C//DTD XHTML 1.0 Transitional//EN" "http://www.w3.org/TR/xhtml1/DTD/xhtml1-transitional.dtd">
<html xmlns="http://www.w3.org/1999/xhtml">
  <!--
    Modified from the Debian original for Ubuntu
    Last updated: 2022-03-22
    See: https://launchpad.net/bugs/1966004
  -->
  <head>
    <meta http-equiv="Content-Type" content="text/html; charset=UTF-8" />
    <title>Apache2 Ubuntu Default Page: It works</title>
    <style type="text/css" media="screen">
  * {
    margin: 0px 0px 0px 0px;
    padding: 0px 0px 0px 0px;
  }

  body, html {
    padding: 3px 3px 3px 3px;

    background-color: #D8DBE2;

    font-family: Ubuntu, Verdana, sans-serif;
    font-size: 11pt;
    text-align: center;
  }

  div.main_page {
    position: relative;
    display: table;

    width: 800px;

    margin-bottom: 3px;
    margin-left: auto;
    margin-right: auto;
    padding: 0px 0px 0px 0px;

    border-width: 2px;
    border-color: #212738;
    border-style: solid;

    background-color: #FFFFFF;

    text-align: center;
  }

  div.page_header {
    height: 180px;
    width: 100%;

    background-color: #F5F6F7;
  }

  div.page_header span {
    margin: 15px 0px 0px 50px;

    font-size: 180%;
    font-weight: bold;
  }

  div.page_header img {
    margin: 3px 0px 0px 40px;

    border: 0px 0px 0px;
  }

  div.banner {
    padding: 9px 6px 9px 6px;
    background-color: #E9510E;
    color: #FFFFFF;
    font-weight: bold;
    font-size: 112%;
    text-align: center;
    position: absolute;
    left: 40%;
    bottom: 30px;
    width: 20%;
  }

  div.table_of_contents {
    clear: left;

    min-width: 200px;

    margin: 3px 3px 3px 3px;

    background-color: #FFFFFF;

    text-align: left;
  }

  div.table_of_contents_item {
    clear: left;

    width: 100%;

    margin: 4px 0px 0px 0px;

    background-color: #FFFFFF;

    color: #000000;
    text-align: left;
  }

  div.table_of_contents_item a {
    margin: 6px 0px 0px 6px;
  }

  div.content_section {
    margin: 3px 3px 3px 3px;

    background-color: #FFFFFF;

    text-align: left;
  }

  div.content_section_text {
    padding: 4px 8px 4px 8px;

    color: #000000;
    font-size: 100%;
  }

  div.content_section_text pre {
    margin: 8px 0px 8px 0px;
    padding: 8px 8px 8px 8px;

    border-width: 1px;
    border-style: dotted;
    border-color: #000000;

    background-color: #F5F6F7;

    font-style: italic;
  }

  div.content_section_text p {
    margin-bottom: 6px;
  }

  div.content_section_text ul, div.content_section_text li {
    padding: 4px 8px 4px 16px;
  }

  div.section_header {
    padding: 3px 6px 3px 6px;

    background-color: #8E9CB2;

    color: #FFFFFF;
    font-weight: bold;
    font-size: 112%;
    text-align: center;
  }

  div.section_header_grey {
    background-color: #9F9386;
  }

  .floating_element {
    position: relative;
    float: left;
  }

  div.table_of_contents_item a,
  div.content_section_text a {
    text-decoration: none;
    font-weight: bold;
  }

  div.table_of_contents_item a:link,
  div.table_of_contents_item a:visited,
  div.table_of_contents_item a:active {
    color: #000000;
  }

  div.table_of_contents_item a:hover {
    background-color: #000000;

    color: #FFFFFF;
  }

  div.content_section_text a:link,
  div.content_section_text a:visited,
   div.content_section_text a:active {
    background-color: #DCDFE6;

    color: #000000;
  }

  div.content_section_text a:hover {
    background-color: #000000;

    color: #DCDFE6;
  }

  div.validator {
  }
    </style>
  </head>
  <body>
    <div class="main_page">
      <div class="page_header floating_element">
        <img src="icons/ubuntu-logo.png" alt="Ubuntu Logo"
             style="width:184px;height:146px;" class="floating_element" />
        <div>
          <span style="margin-top: 1.5em;" class="floating_element">
            Apache2 Default Page
          </span>
        </div>
        <div class="banner">
          <div id="about"></div>
          It works!
        </div>

      </div>
      <div class="content_section floating_element">
        <div class="content_section_text">
          <p>
                This is the default welcome page used to test the correct
                operation of the Apache2 server after installation on Ubuntu systems.
                It is based on the equivalent page on Debian, from which the Ubuntu Apache
                packaging is derived.
                If you can read this page, it means that the Apache HTTP server installed at
                this site is working properly. You should <b>replace this file</b> (located at
                <tt>/var/www/html/index.html</tt>) before continuing to operate your HTTP server.
          </p>

          <p>
                If you are a normal user of this web site and don't know what this page is
                about, this probably means that the site is currently unavailable due to
                maintenance.
                If the problem persists, please contact the site's administrator.
          </p>

        </div>
        <div class="section_header">
          <div id="changes"></div>
                Configuration Overview
        </div>
        <div class="content_section_text">
          <p>
                Ubuntu's Apache2 default configuration is different from the
                upstream default configuration, and split into several files optimized for
                interaction with Ubuntu tools. The configuration system is
                <b>fully documented in
                /usr/share/doc/apache2/README.Debian.gz</b>. Refer to this for the full
                documentation. Documentation for the web server itself can be
                found by accessing the <a href="/manual">manual</a> if the <tt>apache2-doc</tt>
                package was installed on this server.
          </p>
          <p>
                The configuration layout for an Apache2 web server installation on Ubuntu systems is as follows:
          </p>
          <pre>
/etc/apache2/
|-- apache2.conf
|       `--  ports.conf
|-- mods-enabled
|       |-- *.load
|       `-- *.conf
|-- conf-enabled
|       `-- *.conf
|-- sites-enabled
|       `-- *.conf
          </pre>
          <ul>
                        <li>
                           <tt>apache2.conf</tt> is the main configuration
                           file. It puts the pieces together by including all remaining configuration
                           files when starting up the web server.
                        </li>

                        <li>
                           <tt>ports.conf</tt> is always included from the
                           main configuration file. It is used to determine the listening ports for
                           incoming connections, and this file can be customized anytime.
                        </li>

                        <li>
                           Configuration files in the <tt>mods-enabled/</tt>,
                           <tt>conf-enabled/</tt> and <tt>sites-enabled/</tt> directories contain
                           particular configuration snippets which manage modules, global configuration
                           fragments, or virtual host configurations, respectively.
                        </li>

                        <li>
                           They are activated by symlinking available
                           configuration files from their respective
                           *-available/ counterparts. These should be managed
                           by using our helpers
                           <tt>
                                a2enmod,
                                a2dismod,
                           </tt>
                           <tt>
                                a2ensite,
                                a2dissite,
                            </tt>
                                and
                           <tt>
                                a2enconf,
                                a2disconf
                           </tt>. See their respective man pages for detailed information.
                        </li>

                        <li>
                           The binary is called apache2 and is managed using systemd, so to
                           start/stop the service use <tt>systemctl start apache2</tt> and
                           <tt>systemctl stop apache2</tt>, and use <tt>systemctl status apache2</tt>
                           and <tt>journalctl -u apache2</tt> to check status.  <tt>system</tt>
                           and <tt>apache2ctl</tt> can also be used for service management if
                           desired.
                           <b>Calling <tt>/usr/bin/apache2</tt> directly will not work</b> with the
                           default configuration.
                        </li>
          </ul>
        </div>

        <div class="section_header">
            <div id="docroot"></div>
                Document Roots
        </div>

        <div class="content_section_text">
            <p>
                By default, Ubuntu does not allow access through the web browser to
                <em>any</em> file outside of those located in <tt>/var/www</tt>,
                <a href="http://httpd.apache.org/docs/2.4/mod/mod_userdir.html" rel="nofollow">public_html</a>
                directories (when enabled) and <tt>/usr/share</tt> (for web
                applications). If your site is using a web document root
                located elsewhere (such as in <tt>/srv</tt>) you may need to whitelist your
                document root directory in <tt>/etc/apache2/apache2.conf</tt>.
            </p>
            <p>
                The default Ubuntu document root is <tt>/var/www/html</tt>. You
                can make your own virtual hosts under /var/www.
            </p>
        </div>

        <div class="section_header">
          <div id="bugs"></div>
                Reporting Problems
        </div>
        <div class="content_section_text">
          <p>
                Please use the <tt>ubuntu-bug</tt> tool to report bugs in the
                Apache2 package with Ubuntu. However, check <a
                href="https://bugs.launchpad.net/ubuntu/+source/apache2"
                rel="nofollow">existing bug reports</a> before reporting a new bug.
          </p>
          <p>
                Please report bugs specific to modules (such as PHP and others)
                to their respective packages, not to the web server itself.
          </p>
        </div>

      </div>
    </div>
    <div class="validator">
    </div>
  </body>
</html>
root@karartjom-Idea:/home/karartjom#

Дополнительно проверяем какие порты заняты:
root@karartjom-Idea:/home/karartjom# ss -tnlp
State           Recv-Q          Send-Q                   Local Address:Port                   Peer Address:Port         Process
LISTEN          0               4096                         127.0.0.1:631                         0.0.0.0:*             users:(("cupsd",pid=989,fd=7))
LISTEN          0               4096                     127.0.0.53%lo:53                          0.0.0.0:*             users:(("systemd-resolve",pid=607,fd=15))
LISTEN          0               4096                        127.0.0.54:53                          0.0.0.0:*             users:(("systemd-resolve",pid=607,fd=17))
LISTEN          0               511                            0.0.0.0:80                          0.0.0.0:*             users:(("nginx",pid=3058,fd=5),("nginx",pid=3057,fd=5),("nginx",pid=3056,fd=5))
LISTEN          0               511                                  *:8080                              *:*             users:(("apache2",pid=4067,fd=4),("apache2",pid=4066,fd=4),("apache2",pid=4064,fd=4))
LISTEN          0               4096                             [::1]:631                            [::]:*             users:(("cupsd",pid=989,fd=6))
LISTEN          0               511                               [::]:80                             [::]:*             users:(("nginx",pid=3058,fd=6),("nginx",pid=3057,fd=6),("nginx",pid=3056,fd=6))
LISTEN          0               4096                                 *:22                                *:*             users:(("sshd",pid=2316,fd=3),("systemd",pid=1,fd=249))

3. Настроить схему обратного прокси для Nginx (динамика - на Apache)
========================
root@karartjom-Idea:/home/karartjom# cd /etc/nginx/sites-enabled/
root@karartjom-Idea:/etc/nginx/sites-enabled# cp default default.bak
root@karartjom-Idea:/etc/nginx/sites-enabled# nano default
server {
        listen 80 default_server;
        listen [::]:80 default_server;

        root /var/www/html;

        index index.html index.htm index.nginx-debian.html;

        server_name _;

        location / {
                proxy_pass http://localhost:8080;
                proxy_set_header Host $host;
                proxy_set_header X-Forwarded-For $proxy_add_x_forwarded_for;
                proxy_set_header X-Real-IP $remote_addr;
        }

        location ~* \.(jpg|jpeg|gif|png|ico|css|zip|pdf|txt|tar|js)$ {
                root /var/www/html;
        }
}

root@karartjom-Idea:/etc/nginx/sites-enabled# nginx -s reload
2024/11/08 18:21:29 [notice] 4400#4400: signal process started
root@karartjom-Idea:/etc/nginx/sites-enabled#

Проверяем что ответ в бразуере пришел от nginx:
Request URL:
http://192.168.1.24/
Request Method:
GET
Status Code:
200 OK
Remote Address:
192.168.1.24:80
Referrer Policy:
strict-origin-when-cross-origin
accept-ranges:
bytes
connection:
keep-alive
content-encoding:
gzip
content-length:
3121
content-type:
text/html
date:
Fri, 08 Nov 2024 15:22:45 GMT
etag:
"29af-626681ca419de-gzip"
last-modified:
Fri, 08 Nov 2024 15:07:39 GMT
server:
nginx/1.24.0 (Ubuntu)


4. Установить MySQL. Создать новую базу данных и таблицу в ней
root@karartjom-Idea:~# systemctl status mysql
? mysql.service - MySQL Community Server
     Loaded: loaded (/usr/lib/systemd/system/mysql.service; enabled; preset: enabled)
     Active: active (running) since Fri 2024-11-08 18:28:32 MSK; 9min ago
    Process: 13024 ExecStartPre=/usr/share/mysql/mysql-systemd-start pre (code=exited, status=0/SUCCESS)
   Main PID: 13032 (mysqld)
     Status: "Server is operational"
      Tasks: 37 (limit: 9310)
     Memory: 365.3M (peak: 379.4M)
        CPU: 3.680s
     CGroup: /system.slice/mysql.service
             L-13032 /usr/sbin/mysqld

ноя 08 18:28:31 karartjom-Idea systemd[1]: Starting mysql.service - MySQL Community Server...
ноя 08 18:28:32 karartjom-Idea systemd[1]: Started mysql.service - MySQL Community Server.

root@karartjom-Idea:~# mysql
Welcome to the MySQL monitor.  Commands end with ; or \g.
Your MySQL connection id is 8
Server version: 8.0.39-0ubuntu0.24.04.2 (Ubuntu)

Copyright (c) 2000, 2024, Oracle and/or its affiliates.

Oracle is a registered trademark of Oracle Corporation and/or its
affiliates. Other names may be trademarks of their respective
owners.

Type 'help;' or '\h' for help. Type '\c' to clear the current input statement.

mysql>
mysql> create database GB_test;
Query OK, 1 row affected (0,00 sec)

mysql> show databases;
+--------------------+
| Database           |
+--------------------+
| GB_test            |
| information_schema |
| mysql              |
| performance_schema |
| sys                |
+--------------------+
5 rows in set (0,00 sec)

mysql> use GB_test;
Database changed
mysql>
mysql> show databases;
+--------------------+
| Database           |
+--------------------+
| GB_test            |
| information_schema |
| mysql              |
| performance_schema |
| sys                |
+--------------------+
5 rows in set (0,00 sec)

mysql> use GB_test;
Database changed
mysql> create table test(i INT);
Query OK, 0 rows affected (0,03 sec)

mysql> insert into test (i) values (1),(2),(3);
Query OK, 3 rows affected (0,02 sec)
Records: 3  Duplicates: 0  Warnings: 0

mysql> select * from test;
+------+
| i    |
+------+
|    1 |
|    2 |
|    3 |
+------+
3 rows in set (0,00 sec)

mysql>

5. Установить пакет phpmyadmin и запустить его веб-интерфейс для управления MySQL
==============================
root@karartjom-Idea:~# apt install phpmyadmin
root@karartjom-Idea:~# cat /etc/nginx/sites-enabled/default
server {
        listen 80 default_server;
        listen [::]:80 default_server;

        root /var/www/html;

        index index.html index.htm index.nginx-debian.html;

        server_name _;

        location / {
                proxy_pass http://localhost:8080;
                proxy_set_header Host $host;
                proxy_set_header X-Forwarded-For $proxy_add_x_forwarded_for;
                proxy_set_header X-Real-IP $remote_addr;
        }

#       location ~* \.(jpg|jpeg|gif|png|ico|css|zip|pdf|txt|tar|js)$ {
#               root /var/www/html;
#       }
#
#       location ~ \.php$ {
#               include snippets/fastcgi-php.conf;
#               fastcgi_pass unix:/run/php/php8.3-fpm.sock;
#       }
}
root@karartjom-Idea:~# nginx -s reload
2024/11/08 18:45:33 [notice] 19117#19117: signal process started

root@karartjom-Idea:/home/karartjom# cat /etc/nginx/sites-enabled/default
server {
        listen 80 default_server;
        listen [::]:80 default_server;

        root /var/www/html;

        index index.html index.htm index.nginx-debian.html;

        server_name _;

        location / {
                proxy_pass http://localhost:8080;
                proxy_set_header Host $host;
                proxy_set_header X-Forwarded-For $proxy_add_x_forwarded_for;
                proxy_set_header X-Real-IP $remote_addr;
        }

        location ~* \.(jpg|jpeg|gif|png|ico|css|zip|pdf|txt|tar|js)$ {
#               root /var/www/html;
        }

        location ~ \.php$ {
                include snippets/fastcgi-php.conf;
                fastcgi_pass unix:/run/php/php8.3-fpm.sock;
        }

        location /phpmyadmin {
                root /usr/share/;
                index index.php;
                location ~ ^/phpmyadmin/(.+\.php)$ {
                        try_files $uri =404;
                        root /usr/share/;
                        fastcgi_pass unix:/run/php/php8.3-fpm.sock;
                        fastcgi_index index.php;
                        fastcgi_param SCRIPT_FILENAME $document_root$fastcgi_script_name;
                        include fastcgi_params;
                }

         location ~* ^/phpmyadmin/(.+\.(jpeg|jpg|gif|css|png|js|ico|html|xml|txt))$ {
                 root /usr/share/;
        }
    }
}

6. Настроить схему балансировки трафика между несколькими серверами Apache на стороне nginx с помощью модуля ngx_http_upstream_module
============================================
root@karartjom-Idea:/home/karartjom# root@karartjom-Idea:/home/karartjom# cat /etc/nginx/sites-enabled/default
upstream backend {
        server 127.0.0.1:8080;
        server 127.0.0.1:8081;
}
        location / {
                proxy_pass http://backend;
                proxy_set_header Host $host;
                proxy_set_header X-Forwarded-For $proxy_add_x_forwarded_for;
                proxy_set_header X-Real-IP $remote_addr;
        }

root@karartjom-Idea:/home/karartjom# nginx -s reload
2024/11/08 19:10:29 [notice] 19615#19615: signal process started
root@karartjom-Idea:/home/karartjom# cd /etc/apache2/sites-enabled/
root@karartjom-Idea:/etc/apache2/sites-enabled# ls
000-default.conf
root@karartjom-Idea:/etc/apache2/sites-enabled# nano 000-default.conf

root@karartjom-Idea:/etc/apache2/sites-enabled# cat 000-default.conf
<VirtualHost *:8080>

        ServerAdmin webmaster@localhost
        DocumentRoot /var/www/html

        ErrorLog ${APACHE_LOG_DIR}/error.log
        CustomLog ${APACHE_LOG_DIR}/access.log combined

</VirtualHost>

Listen 8081
<VirtualHost *:8081>

        ServerAdmin webmaster@localhost
        DocumentRoot /var/www/html1

        ErrorLog ${APACHE_LOG_DIR}/error.log
        CustomLog ${APACHE_LOG_DIR}/access.log combined

</VirtualHost>

root@karartjom-Idea:/etc/apache2/sites-enabled# apachectl -t
AH00112: Warning: DocumentRoot [/var/www/html1] does not exist
AH00558: apache2: Could not reliably determine the server's fully qualified domain name, using 127.0.1.1. Set the 'ServerName' directive globally to suppress this message
Syntax OK
root@karartjom-Idea:/etc/apache2/sites-enabled# service apache2 reload
root@karartjom-Idea:/etc/apache2/sites-enabled#

root@karartjom-Idea:/etc/apache2/sites-enabled# service apache2 reload
root@karartjom-Idea:/etc/apache2/sites-enabled# cd /var/www
root@karartjom-Idea:/var/www# cp -r html html1
root@karartjom-Idea:/var/www# cd html1
root@karartjom-Idea:/var/www/html1# nano index.html
root@karartjom-Idea:/var/www/html1# root@karartjom-Idea:/var/www/html1#

После каждого обновления заголовок меняется между Apache2 Default Page : 8081 и Apache2 Default Page
root@karartjom-Idea:/var/www/html1# curl localhost | grep Default
  % Total    % Received % Xferd  Average Speed   Time    Time     Time  Current
                                 Dload  Upload   Total   Spent    Left  Speed
100 10671  100 10671    0     0  6393k      0 --:--:-- --:--:-- --:--:-- 10.1M
    <title>Apache2 Ubuntu Default Page: It works</title>
            Apache2 Default Page
root@karartjom-Idea:/var/www/html1# curl localhost | grep Default
  % Total    % Received % Xferd  Average Speed   Time    Time     Time  Current
                                 Dload  Upload   Total   Spent    Left  Speed
100 10678  100 10678    0     0  6393k      0 --:--:-- --:--:-- --:--:-- 10.1M
    <title>Apache2 Ubuntu Default Page: It works</title>
            Apache2 Default Page : 8081
root@karartjom-Idea:/var/www/html1# curl localhost | grep Default
  % Total    % Received % Xferd  Average Speed   Time    Time     Time  Current
                                 Dload  Upload   Total   Spent    Left  Speed
100 10671  100 10671    0     0  6873k      0 --:--:-- --:--:-- --:--:-- 10.1M
    <title>Apache2 Ubuntu Default Page: It works</title>
            Apache2 Default Page
root@karartjom-Idea:/var/www/html1# curl localhost | grep Default
  % Total    % Received % Xferd  Average Speed   Time    Time     Time  Current
                                 Dload  Upload   Total   Spent    Left  Speed
100 10678  100 10678    0     0  5279k      0 --:--:-- --:--:-- --:--:-- 10.1M
    <title>Apache2 Ubuntu Default Page: It works</title>
            Apache2 Default Page : 8081
